// Jest Snapshot v1, https://goo.gl/fbAQLP

exports[`renders correctly 1`] = `
<div
  className="App"
>
  <Header />
  <TodoList
    items={
      Array [
        Object {
          "completed": false,
          "text": "Install Node.js version 6+ from https://nodejs.org/en/download or \\"brew install node\\"",
        },
        Object {
          "completed": false,
          "text": "Install Yarn with \\"brew install yarn\\"",
        },
        Object {
          "completed": false,
          "text": "Use npm to install create-react-app with \\"npm install create-react-app --global\\"",
        },
        Object {
          "completed": false,
          "text": "Create a React app with \\"create-react-app my-react-app\\"",
        },
        Object {
          "completed": false,
          "text": "cd into the newly created directory and start the app in development mode with \\"yarn start\\"",
        },
      ]
    }
    toggleCompleted={[Function]}
  />
  <AddTodo
    onSubmit={[Function]}
  />
</div>
`;
